// Jest Snapshot v1, https://jestjs.io/docs/snapshot-testing

exports[`Looks like it should do 1`] = `
<DocumentFragment>
  <header
    class="sc-bRKDuR kUfCqD"
  >
    <div
      class="sc-hvigdm kJZGKO"
    >
      <a
        class="sc-dTvVRJ eyTQkP"
        href="#main"
      >
        Skip to main content
      </a>
      <a
        href="/"
      >
        Neil Tomlin - CV
      </a>
      <div
        class="sc-fhHczv iRcZnd"
      >
        <a
          href="mailto:neiltomlin88@gmail.com"
        >
          neiltomlin88@gmail.com
        </a>
        <a
          href="tel:07866960512"
        >
          07866960512
        </a>
        <div
          class="sc-ggWZvA eCNiYi"
        >
          <a
            href="www.linkedin.com/in/neil-tomlin"
          >
            <img
              alt="LinkedIn"
              data-nimg="1"
              decoding="async"
              height="32"
              loading="lazy"
              src="/_next/image?url=%2Fimg.jpg&w=64&q=75"
              srcset="/_next/image?url=%2Fimg.jpg&w=32&q=75 1x, /_next/image?url=%2Fimg.jpg&w=64&q=75 2x"
              style="color: transparent;"
              width="32"
            />
          </a>
          <a
            href="https://github.com/neiltomlin"
          >
            <img
              alt="GitHub"
              data-nimg="1"
              decoding="async"
              height="32"
              loading="lazy"
              src="/_next/image?url=%2Fimg.jpg&w=64&q=75"
              srcset="/_next/image?url=%2Fimg.jpg&w=32&q=75 1x, /_next/image?url=%2Fimg.jpg&w=64&q=75 2x"
              style="color: transparent;"
              width="32"
            />
          </a>
        </div>
      </div>
    </div>
  </header>
  <div
    class="sc-jwTyAe fcnNLQ"
  >
    <div
      class="sc-hjsuWn ghDavz"
    >
      <div
        class="sc-jJLAfE jPTkuf"
      >
        <p>
          Site under construction
        </p>
        <img
          alt="Image showing a website being built"
          data-nimg="1"
          decoding="async"
          height="40"
          loading="lazy"
          src="/_next/image?url=%2Fimg.jpg&w=96&q=75"
          srcset="/_next/image?url=%2Fimg.jpg&w=48&q=75 1x, /_next/image?url=%2Fimg.jpg&w=96&q=75 2x"
          style="color: transparent;"
          width="40"
        />
      </div>
      <button>
        Close
      </button>
    </div>
  </div>
  <main
    class="sc-hwkwBN dQZWHR"
  >
    <div>
      Test Content
    </div>
  </main>
</DocumentFragment>
`;
